============================= test session starts =============================
platform win32 -- Python 3.10.11, pytest-7.4.3, pluggy-1.6.0 -- C:\Program Files\Python310\python.exe
cachedir: .pytest_cache
metadata: {'Python': '3.10.11', 'Platform': 'Windows-10-10.0.26200-SP0', 'Packages': {'pytest': '7.4.3', 'pluggy': '1.6.0'}, 'Plugins': {'anyio': '4.10.0', 'langsmith': '0.4.14', 'locust': '2.42.1', 'base-url': '2.1.0', 'html': '4.1.1', 'json-report': '1.5.0', 'metadata': '3.1.1', 'playwright': '0.5.0', 'timeout': '2.2.0', 'xdist': '3.5.0'}, 'JAVA_HOME': 'C:\\Program Files\\Eclipse Adoptium\\jdk-8.0.392.8-hotspot', 'Base URL': ''}
rootdir: C:\Users\Nityainc\OneDrive - Nitya Software Solutions Inc\Desktop\Automation_testing_pytest
configfile: pytest.ini
plugins: anyio-4.10.0, langsmith-0.4.14, locust-2.42.1, base-url-2.1.0, html-4.1.1, json-report-1.5.0, metadata-3.1.1, playwright-0.5.0, timeout-2.2.0, xdist-3.5.0
python : 2026-02-05 15:48:51 [    
INFO] BenchSale_Conftest.py:252 - 
BenchSale_Conftest: ================
====================================
============================
At line:1 char:1
+ python -m pytest "tests/employer/t
est_employer_test_cases.py" -k "tes 
...
+ ~~~~~~~~~~~~~~~~~~~~~~~~~~~~~~~~~~
~~~~~~~~~~~~~~~~~~~~~~~~~~~~~~~~~~~
    + CategoryInfo          : NotSp 
   ecified: (2026-02-05 15:4...===  
  ============:String) [], Remote   
 Exception
    + FullyQualifiedErrorId : Nativ 
   eCommandError
 
2026-02-05 15:48:51 [    INFO] 
BenchSale_Conftest.py:253 - 
BenchSale_Conftest: BenchSale 
Automation Test Suite - Logging 
Initialized
2026-02-05 15:48:51 [    INFO] 
BenchSale_Conftest.py:254 - 
BenchSale_Conftest: Log file: 
C:\Users\Nityainc\OneDrive - Nitya 
Software Solutions Inc\Desktop\Autom
ation_testing_pytest\logs\employer.l
og
2026-02-05 15:48:51 [    INFO] 
BenchSale_Conftest.py:255 - 
BenchSale_Conftest: ================
====================================
============================
2026-02-05 15:48:51 [    INFO] 
test_logger.py:163 - root: =========
====================================
====================================
===================
2026-02-05 15:48:51 [    INFO] 
test_logger.py:164 - root: SUITE 
JnP employer
2026-02-05 15:48:51 [    INFO] 
test_logger.py:165 - root: Full 
Name: JnP employer
2026-02-05 15:48:51 [    INFO] 
test_logger.py:167 - root: Source: 
C:\Users\Nityainc\OneDrive - Nitya 
Software Solutions Inc\Desktop\Autom
ation_testing_pytest
2026-02-05 15:48:51 [    INFO] 
test_logger.py:168 - root: Start: 
20260205 15:48:51.922
2026-02-05 15:48:51 [    INFO] 
test_logger.py:169 - root: =========
====================================
====================================
===================
2026-02-05 15:48:51 [    INFO] 
BenchSale_Conftest.py:2307 - 
BenchSale_Conftest: \u2713 Final 
test execution: 22 tests (Admin: 0, 
Recruiter: 0)
collecting ... collected 22 items / 21 deselected / 1 selected

2026-02-05 15:49:20 [ WARNING] 
BenchSale_Conftest.py:468 - 
BenchSale_Conftest: Removing stale 
browser lock (age: 60.4s)
tests/employer/test_employer_test_cases.py::test_t2_12_verification_of_sending_email_to_contacts_in_emp_contacts 
------------------------------- live log setup --------------------------------
WARNING  BenchSale_Conftest:BenchSale_Conftest.py:468 Removing stale browser lock (age: 60.4s)
2026-02-05 15:49:20 [    INFO] 
BenchSale_Conftest.py:460 - 
BenchSale_Conftest: Acquired 
browser lock (PID: 19648)
INFO     BenchSale_Conftest:BenchSale_Conftest.py:460 Acquired browser lock (PID: 19648)
2026-02-05 15:49:20 [    INFO] 
BenchSale_Conftest.py:526 - 
BenchSale_Conftest: Creating new 
browser instance (only one will be 
created across all processes)
INFO     BenchSale_Conftest:BenchSale_Conftest.py:526 Creating new browser instance (only one will be created across all processes)
2026-02-05 15:49:20 [    INFO] 
test_logger.py:44 - root: 
2026-02-05 15:49:20 [    INFO] 
test_logger.py:45 - root: ==========
====================================
====================================
==================
INFO     root:test_logger.py:44 
2026-02-05 15:49:20 [    INFO] 
test_logger.py:46 - root: TEST test_
t2_12_verification_of_sending_email_
to_contacts_in_emp_contacts
INFO     root:test_logger.py:45 ====================================================================================================
INFO     root:test_logger.py:46 TEST test_t2_12_verification_of_sending_email_to_contacts_in_emp_contacts
INFO     root:test_logger.py:48 Full Name: test_t2_12_verification_of_sending_email_to_contacts_in_emp_contacts
2026-02-05 15:49:20 [    INFO] 
test_logger.py:48 - root: Full 
Name: test_t2_12_verification_of_sen
ding_email_to_contacts_in_emp_contac
ts
2026-02-05 15:49:20 [    INFO] 
test_logger.py:49 - root: Source: 
C:\Users\Nityainc\OneDrive - Nitya 
Software Solutions Inc\Desktop\Autom
ation_testing_pytest\tests\employer\
test_employer_test_cases.py
INFO     root:test_logger.py:49 Source: C:\Users\Nityainc\OneDrive - Nitya Software Solutions Inc\Desktop\Automation_testing_pytest\tests\employer\test_employer_test_cases.py
2026-02-05 15:49:20 [    INFO] 
test_logger.py:51 - root: Start: 
20260205 15:49:20.667
INFO     root:test_logger.py:51 Start: 20260205 15:49:20.667
2026-02-05 15:49:20 [    INFO] 
test_logger.py:52 - root: ==========
====================================
====================================
==================
INFO     root:test_logger.py:52 ====================================================================================================
2026-02-05 15:49:36 [    INFO] 
test_logger.py:103 - root: 
00:00:10.253KEYWORD Login 
credentials for Employer1
INFO     root:test_logger.py:103 00:00:10.253KEYWORD Login credentials for Employer1
2026-02-05 15:49:36 [    INFO] 
Employer_Conftest.py:224 - 
BenchSale_Conftest: Logged in to 
Employer1 successfully (Playwright)
INFO     BenchSale_Conftest:Employer_Conftest.py:224 Logged in to Employer1 successfully (Playwright)
2026-02-05 15:49:39 [    INFO] 
BenchSale_Conftest.py:653 - 
BenchSale_Conftest: ================
====================================
============================
-------------------------------- live log call --------------------------------
INFO     BenchSale_Conftest:BenchSale_Conftest.py:653 ================================================================================
2026-02-05 15:49:39 [    INFO] 
BenchSale_Conftest.py:654 - 
BenchSale_Conftest: Started runtime 
measurement for: T2.12 Verification 
of sending email to Contacts in 
EMP-Contacts
INFO     BenchSale_Conftest:BenchSale_Conftest.py:654 Started runtime measurement for: T2.12 Verification of sending email to Contacts in EMP-Contacts
2026-02-05 15:49:39 [    INFO] 
BenchSale_Conftest.py:655 - 
BenchSale_Conftest: Start time: 
2026-02-05 15:49:39
INFO     BenchSale_Conftest:BenchSale_Conftest.py:655 Start time: 2026-02-05 15:49:39
2026-02-05 15:49:39 [    INFO] 
BenchSale_Conftest.py:656 - 
BenchSale_Conftest: ================
====================================
============================
INFO     BenchSale_Conftest:BenchSale_Conftest.py:656 ================================================================================
2026-02-05 15:49:39 [    INFO] 
BenchSale_Conftest.py:758 - 
BenchSale_Conftest: Checking 
network connectivity 
(timeout=5.0s). Targets: 
[['https://jobsnprofiles.com/', 
'https://www.google.com'], 
'https://bs.jobsnprofiles.com/', 
'https://www.google.com']
Started runtime measurement for: T2.12 Verification of sending email to Contacts in EMP-Contacts
INFO     BenchSale_Conftest:BenchSale_Conftest.py:758 Checking network connectivity (timeout=5.0s). Targets: [['https://jobsnprofiles.com/', 'https://www.google.com'], 'https://bs.jobsnprofiles.com/', 'https://www.google.com']
2026-02-05 15:49:39 [ WARNING] 
BenchSale_Conftest.py:783 - 
BenchSale_Conftest: Network 
connectivity check failed for 
['https://jobsnprofiles.com/', 
'https://www.google.com']: No 
connection adapters were found for 
"['https://jobsnprofiles.com/', 
'https://www.google.com']"
WARNING  BenchSale_Conftest:BenchSale_Conftest.py:783 Network connectivity check failed for ['https://jobsnprofiles.com/', 'https://www.google.com']: No connection adapters were found for "['https://jobsnprofiles.com/', 'https://www.google.com']"
2026-02-05 15:49:40 [    INFO] 
BenchSale_Conftest.py:774 - 
BenchSale_Conftest: Network 
connectivity check: Connected 
(Target: 
https://bs.jobsnprofiles.com/, 
Status: 200)
INFO     BenchSale_Conftest:BenchSale_Conftest.py:774 Network connectivity check: Connected (Target: https://bs.jobsnprofiles.com/, Status: 200)
2026-02-05 15:49:40 [    INFO] 
test_logger.py:103 - root: 
00:00:00.717KEYWORD Check Network 
Connectivity 
['https://jobsnprofiles.com/', 
'https://www.google.com'], 
https://bs.jobsnprofiles.com/, 
https://www.google.com
INFO     root:test_logger.py:103 00:00:00.717KEYWORD Check Network Connectivity ['https://jobsnprofiles.com/', 'https://www.google.com'], https://bs.jobsnprofiles.com/, https://www.google.com
2026-02-05 15:49:42 [    INFO] 
test_logger.py:103 - root: 
00:00:02.025KEYWORD Job fair pop-up
INFO     root:test_logger.py:103 00:00:02.025KEYWORD Job fair pop-up
2026-02-05 15:50:24 [    INFO] 
test_logger.py:64 - root: 
INFO     root:test_logger.py:64 
2026-02-05 15:50:24 [    INFO] 
test_logger.py:65 - root: Full 
Name: test_t2_12_verification_of_sen
ding_email_to_contacts_in_emp_contac
ts
INFO     root:test_logger.py:65 Full Name: test_t2_12_verification_of_sending_email_to_contacts_in_emp_contacts
2026-02-05 15:50:24 [    INFO] 
test_logger.py:66 - root: Start / 
End / Elapsed: 20260205 
15:49:20.666 / 20260205 
15:50:24.882 / 00:00:44.723
INFO     root:test_logger.py:66 Start / End / Elapsed: 20260205 15:49:20.666 / 20260205 15:50:24.882 / 00:00:44.723
2026-02-05 15:50:24 [    INFO] 
test_logger.py:70 - root: TEST test_
t2_12_verification_of_sending_email_
to_contacts_in_emp_contacts: FAIL
INFO     root:test_logger.py:70 TEST test_t2_12_verification_of_sending_email_to_contacts_in_emp_contacts: FAIL
2026-02-05 15:50:24 [    INFO] 
test_logger.py:71 - root: Status: 
FAIL
INFO     root:test_logger.py:71 Status: FAIL
2026-02-05 15:50:24 [    INFO] 
test_logger.py:73 - root: Message: t
ests\employer\test_employer_test_cas
es.py:4971: in test_t2_12_verificati
on_of_sending_email_to_contacts_in_e
mp_contacts
    job_title_elem.wait_for(state="v
isible", timeout=30000)
..\..\..\AppData\Roaming\Python\Pyth
on310\site-packages\playwright\sync_
api\_generated.py:17843: in wait_for
    self._sync(self._impl_obj.wait_f
or(timeout=timeout, state=state))
..\..\..\AppData\Roaming\Python\Pyth
on310\site-packages\playwright\_impl
\_locator.py:679: in wait_for
INFO     root:test_logger.py:73 Message: tests\employer\test_employer_test_cases.py:4971: in test_t2_12_verification_of_sending_email_to_contacts_in_emp_contacts
    job_title_elem.wait_for(state="visible", timeout=30000)
..\..\..\AppData\Roaming\Python\Python310\site-packages\playwright\sync_api\_generated.py:17843: in wait_for
    self._sync(self._impl_obj.wait_for(timeout=timeout, state=state))
..\..\..\AppData\Roaming\Python\Python310\site-packages\playwright\_impl\_locator.py:679: in wait_for
    await self._frame.wait_for_selector(
..\..\..\AppData\Roaming\Python\Python310\site-packages\playwright\_impl\_frame.py:323: in wait_for_selector
    await self._channel.send("waitForSelector", locals_to_params(locals()))
..\..\..\AppData\Roaming\Python\Python310\site-packages\playwright\_impl\_connection.py:61: in send
    return await self._connection.wrap_api_call(
..\..\..\AppData\Roaming\Python\Python310\site-packages\playwright\_impl\_connection.py:528: in wrap_api_call
    raise rewrite_error(error, f"{parsed_st['apiName']}: {error}") from None
E   playwright._impl._errors.Error: Locator.wait_for: Error: strict mode violation: locator("//*[@id='root']/div[2]/main/div[2]/div[1]/div/div/div/div/div[1]/p") resolved to 6 elements:
E       1) <p class="MuiTypography-root MuiTypography-body1 MuiTypography-paragraph css-1l4tofn">Resumes Viewed</p> aka get_by_text("Resumes Viewed")
E       2) <p class="MuiTypography-root MuiTypography-body1 MuiTypography-paragraph css-1l4tofn">Open Jobs</p> aka locator("p").filter(has_text="Open Jobs")
E       3) <p class="MuiTypography-root MuiTypography-body1 MuiTypography-paragraph css-1l4tofn">Applicants</p> aka get_by_text("Applicants")
E       4) <p class="MuiTypography-root MuiTypography-body1 MuiTypography-paragraph css-1sl3afh">Contacts</p> aka get_by_text("Contacts", exact=True)
E       5) <p class="MuiTypography-root MuiTypography-body1 MuiTypography-paragraph css-1l4tofn">Shortlisted</p> aka get_by_text("Shortlisted", exact=True)
E       6) <p class="MuiTypography-root MuiTypography-body1 MuiTypography-paragraph css-1l4tofn">Interviews</p> aka get_by_text("Interviews", exact=True)
E   
E   Call log:
E     - waiting for locator("//*[@id='root']/div[2]/main/div[2]/div[1]/div/div/div/div/div[1]/p") to be visible

Locator/XPath hint: //*[@id='root']/div[2]/main/div[2]/div[1]/div/div/div/div/div[1]/p
    await 
self._frame.wait_for_selector(
..\..\..\AppData\Roaming\Python\Pyth
on310\site-packages\playwright\_impl
\_frame.py:323: in wait_for_selector
    await self._channel.send("waitFo
rSelector", 
locals_to_params(locals()))
..\..\..\AppData\Roaming\Python\Pyth
on310\site-packages\playwright\_impl
\_connection.py:61: in send
    return await 
self._connection.wrap_api_call(
..\..\..\AppData\Roaming\Python\Pyth
on310\site-packages\playwright\_impl
\_connection.py:528: in 
wrap_api_call
    raise rewrite_error(error, 
f"{parsed_st['apiName']}: {error}") 
from None
E   playwright._impl._errors.Error: 
Locator.wait_for: Error: strict 
mode violation: locator("//*[@id='ro
ot']/div[2]/main/div[2]/div[1]/div/d
iv/div/div/div[1]/p") resolved to 6 
elements:
E       1) <p 
class="MuiTypography-root 
MuiTypography-body1 
MuiTypography-paragraph 
css-1l4tofn">Resumes Viewed</p> aka 
get_by_text("Resumes Viewed")
E       2) <p 
class="MuiTypography-root 
MuiTypography-body1 
MuiTypography-paragraph 
css-1l4tofn">Open Jobs</p> aka 
locator("p").filter(has_text="Open 
Jobs")
E       3) <p 
class="MuiTypography-root 
MuiTypography-body1 
MuiTypography-paragraph 
css-1l4tofn">Applicants</p> aka 
get_by_text("Applicants")
E       4) <p 
class="MuiTypography-root 
MuiTypography-body1 
MuiTypography-paragraph 
css-1sl3afh">Contacts</p> aka 
get_by_text("Contacts", exact=True)
E       5) <p 
class="MuiTypography-root 
MuiTypography-body1 
MuiTypography-paragraph 
css-1l4tofn">Shortlisted</p> aka 
get_by_text("Shortlisted", 
exact=True)
E       6) <p 
class="MuiTypography-root 
MuiTypography-body1 
MuiTypography-paragraph 
css-1l4tofn">Interviews</p> aka 
get_by_text("Interviews", 
exact=True)
E   
E   Call log:
E     - waiting for locator("//*[@id
='root']/div[2]/main/div[2]/div[1]/d
iv/div/div/div/div[1]/p") to be 
visible

Locator/XPath hint: //*[@id='root']/
div[2]/main/div[2]/div[1]/div/div/di
v/div/div[1]/p
2026-02-05 15:50:25 [    INFO] 
BenchSale_Conftest.py:1803 - 
BenchSale_Conftest: Screenshot 
captured successfully (attempt 1)
INFO     BenchSale_Conftest:BenchSale_Conftest.py:1803 Screenshot captured successfully (attempt 1)
2026-02-05 15:50:25 [    INFO] 
test_logger.py:142 - root: 
15:50:25.084	INFO	Failure artifacts 
saved:
INFO     root:test_logger.py:142 15:50:25.084	INFO	Failure artifacts saved:
2026-02-05 15:50:25 [    INFO] 
test_logger.py:142 - root: 
15:50:25.084	INFO	  URL: https://job
snprofiles.com/Empdashboard
INFO     root:test_logger.py:142 15:50:25.084	INFO	  URL: https://jobsnprofiles.com/Empdashboard
2026-02-05 15:50:25 [    INFO] 
test_logger.py:142 - root: 
15:50:25.084	INFO	  Screenshot: 
C:\Users\Nityainc\OneDrive - Nitya 
Software Solutions Inc\Desktop\Autom
ation_testing_pytest\reports\failure
s\test_t2_12_verification_of_sending
_email_to_contacts_in_emp_contacts_2
0260205_155024.png
INFO     root:test_logger.py:142 15:50:25.084	INFO	  Screenshot: C:\Users\Nityainc\OneDrive - Nitya Software Solutions Inc\Desktop\Automation_testing_pytest\reports\failures\test_t2_12_verification_of_sending_email_to_contacts_in_emp_contacts_20260205_155024.png
2026-02-05 15:50:25 [    INFO] 
test_logger.py:142 - root: 
15:50:25.084	INFO	  HTML: 
C:\Users\Nityainc\OneDrive - Nitya 
Software Solutions Inc\Desktop\Autom
ation_testing_pytest\reports\failure
s\test_t2_12_verification_of_sending
_email_to_contacts_in_emp_contacts_2
0260205_155024.html
INFO     root:test_logger.py:142 15:50:25.084	INFO	  HTML: C:\Users\Nityainc\OneDrive - Nitya Software Solutions Inc\Desktop\Automation_testing_pytest\reports\failures\test_t2_12_verification_of_sending_email_to_contacts_in_emp_contacts_20260205_155024.html
2026-02-05 15:50:25 [    INFO] 
test_logger.py:142 - root: 
15:50:25.086	INFO	  URL file: 
C:\Users\Nityainc\OneDrive - Nitya 
Software Solutions Inc\Desktop\Autom
ation_testing_pytest\reports\failure
s\test_t2_12_verification_of_sending
_email_to_contacts_in_emp_contacts_2
0260205_155024.url.txt
INFO     root:test_logger.py:142 15:50:25.086	INFO	  URL file: C:\Users\Nityainc\OneDrive - Nitya Software Solutions Inc\Desktop\Automation_testing_pytest\reports\failures\test_t2_12_verification_of_sending_email_to_contacts_in_emp_contacts_20260205_155024.url.txt
2026-02-05 15:50:25 [   ERROR] 
BenchSale_Conftest.py:2064 - 
BenchSale_Conftest: Error details:
tests\employer\test_employer_test_ca
ses.py:4971: in test_t2_12_verificat
ion_of_sending_email_to_contacts_in_
emp_contacts
    job_title_elem.wait_for(state="v
isible", timeout=30000)
ERROR    BenchSale_Conftest:BenchSale_Conftest.py:2064 Error details:
tests\employer\test_employer_test_cases.py:4971: in test_t2_12_verification_of_sending_email_to_contacts_in_emp_contacts
    job_title_elem.wait_for(state="visible", timeout=30000)
..\..\..\AppData\Roaming\Python\Python310\site-packages\playwright\sync_api\_generated.py:17843: in wait_for
    self._sync(self._impl_obj.wait_for(timeout=timeout, state=state))
..\..\..\AppData\Roaming\Python\Python310\site-packages\playwright\_impl\_locator.py:679: in wait_for
    await self._frame.wait_for_selector(
..\..\..\AppData\Roaming\Python\Python310\site-packages\playwright\_impl\_frame.py:323: in wait_for_selector
    await self._channel.send("waitForSelector", locals_to_params(locals()))
..\..\..\AppData\Roaming\Python\Python310\site-packages\playwright\_impl\_connection.py:61: in send
    return await self._connection.wrap_api_call(
..\..\..\AppData\Roaming\Python\Python310\site-packages\playwright\_impl\_connection.py:528: in wrap_api_call
    raise rewrite_error(error, f"{parsed_st['apiName']}: {error}") from None
E   playwright._impl._errors.Error: Locator.wait_for: Error: strict mode violation: locator("//*[@id='root']/div[2]/main/div[2]/div[1]/div/div/div/div/div[1]/p") resolved to 6 elements:
E       1) <p class="MuiTypography-root MuiTypography-body1 MuiTypography-paragraph css-1l4tofn">Resumes Viewed</p> aka get_by_text("Resumes Viewed")
E       2) <p class="MuiTypography-root MuiTypography-body1 MuiTypography-paragraph css-1l4tofn">Open Jobs</p> aka locator("p").filter(has_text="Open Jobs")
E       3) <p class="MuiTypography-root MuiTypography-body1 MuiTypography-paragraph css-1l4tofn">Applicants</p> aka get_by_text("Applicants")
E       4) <p class="MuiTypography-root MuiTypography-body1 MuiTypography-paragraph css-1sl3afh">Contacts</p> aka get_by_text("Contacts", exact=True)
E       5) <p class="MuiTypography-root MuiTypography-body1 MuiTypography-paragraph css-1l4tofn">Shortlisted</p> aka get_by_text("Shortlisted", exact=True)
E       6) <p class="MuiTypography-root MuiTypography-body1 MuiTypography-paragraph css-1l4tofn">Interviews</p> aka get_by_text("Interviews", exact=True)
E   
E   Call log:
E     - waiting for locator("//*[@id='root']/div[2]/main/div[2]/div[1]/div/div/div/div/div[1]/p") to be visible
..\..\..\AppData\Roaming\Python\Pyth
on310\site-packages\playwright\sync_
api\_generated.py:17843: in wait_for
    self._sync(self._impl_obj.wait_f
or(timeout=timeout, state=state))
..\..\..\AppData\Roaming\Python\Pyth
on310\site-packages\playwright\_impl
\_locator.py:679: in wait_for
    await 
self._frame.wait_for_selector(
..\..\..\AppData\Roaming\Python\Pyth
on310\site-packages\playwright\_impl
\_frame.py:323: in wait_for_selector
    await self._channel.send("waitFo
rSelector", 
locals_to_params(locals()))
..\..\..\AppData\Roaming\Python\Pyth
on310\site-packages\playwright\_impl
\_connection.py:61: in send
    return await 
self._connection.wrap_api_call(
..\..\..\AppData\Roaming\Python\Pyth
on310\site-packages\playwright\_impl
\_connection.py:528: in 
wrap_api_call
    raise rewrite_error(error, 
f"{parsed_st['apiName']}: {error}") 
from None
E   playwright._impl._errors.Error: 
Locator.wait_for: Error: strict 
mode violation: locator("//*[@id='ro
ot']/div[2]/main/div[2]/div[1]/div/d
iv/div/div/div[1]/p") resolved to 6 
elements:
E       1) <p 
class="MuiTypography-root 
MuiTypography-body1 
MuiTypography-paragraph 
css-1l4tofn">Resumes Viewed</p> aka 
get_by_text("Resumes Viewed")
E       2) <p 
class="MuiTypography-root 
MuiTypography-body1 
MuiTypography-paragraph 
css-1l4tofn">Open Jobs</p> aka 
locator("p").filter(has_text="Open 
Jobs")
E       3) <p 
class="MuiTypography-root 
MuiTypography-body1 
MuiTypography-paragraph 
css-1l4tofn">Applicants</p> aka 
get_by_text("Applicants")
E       4) <p 
class="MuiTypography-root 
MuiTypography-body1 
MuiTypography-paragraph 
css-1sl3afh">Contacts</p> aka 
get_by_text("Contacts", exact=True)
E       5) <p 
class="MuiTypography-root 
MuiTypography-body1 
MuiTypography-paragraph 
css-1l4tofn">Shortlisted</p> aka 
get_by_text("Shortlisted", 
exact=True)
E       6) <p 
class="MuiTypography-root 
MuiTypography-body1 
MuiTypography-paragraph 
css-1l4tofn">Interviews</p> aka 
get_by_text("Interviews", 
exact=True)
E   
E   Call log:
E     - waiting for locator("//*[@id
='root']/div[2]/main/div[2]/div[1]/d
iv/div/div/div/div[1]/p") to be 
visible
2026-02-05 15:50:26 [    INFO] 
BenchSale_Conftest.py:552 - 
BenchSale_Conftest: Closing browser 
instance
FAILED
------------------------------ live log teardown ------------------------------
INFO     BenchSale_Conftest:BenchSale_Conftest.py:552 Closing browser instance
2026-02-05 15:50:26 [    INFO] 
Employer_Conftest.py:1130 - 
BenchSale_Conftest: Generating 
unified dashboard at session end 
(Employer tests)...
--------------------------- live log sessionfinish ----------------------------
INFO     BenchSale_Conftest:Employer_Conftest.py:1130 Generating unified dashboard at session end (Employer tests)...
2026-02-05 15:54:01 [    INFO] 
Employer_Conftest.py:1135 - 
BenchSale_Conftest: \u2713 Unified 
dashboard generated successfully: 
C:\Users\Nityainc\OneDrive - Nitya 
Software Solutions Inc\Desktop\Autom
ation_testing_pytest\logs\index.html
Added 11 test entries from benchsale_admin history for today
Added 2 test entries from benchsale_recruiter history for today
Added 22 test entries from employer history for today
Added 10 test entries from jobseeker history for today
Dashboard written: C:\Users\Nityainc\OneDrive - Nitya Software Solutions Inc\Desktop\Automation_testing_pytest\logs\index.html (size: 217759 bytes)
2026-02-05 15:54:01 [    INFO] 
Employer_Conftest.py:1139 - 
BenchSale_Conftest: Dashboard 
update complete. UI will show 
latest status on next refresh.
INFO     BenchSale_Conftest:Employer_Conftest.py:1135 \u2713 Unified dashboard generated successfully: C:\\Users\\Nityainc\\OneDrive - Nitya Software Solutions Inc\\Desktop\\Automation_testing_pytest\\logs\\index.html\nINFO     BenchSale_Conftest:Employer_Conftest.py:1139 Dashboard update complete. UI will show latest status on next refresh.
2026-02-05 15:54:01 [    INFO] 
test_logger.py:183 - root: 
INFO     root:test_logger.py:183 
2026-02-05 15:54:01 [    INFO] 
test_logger.py:184 - root: =========
====================================
====================================
===================
INFO     root:test_logger.py:184 ====================================================================================================
2026-02-05 15:54:01 [    INFO] 
test_logger.py:185 - root: Full 
Name: JnP benchSale
INFO     root:test_logger.py:185 Full Name: JnP benchSale
2026-02-05 15:54:01 [    INFO] 
test_logger.py:186 - root: Start / 
End / Elapsed: 20260205 
15:48:51.922 / 20260205 
15:54:01.406 / 00:05:09.483
INFO     root:test_logger.py:186 Start / End / Elapsed: 20260205 15:48:51.922 / 20260205 15:54:01.406 / 00:05:09.483
2026-02-05 15:54:01 [    INFO] 
test_logger.py:187 - root: Status: 
1 tests total, 0 passed, 1 failed, 
0 skipped
INFO     root:test_logger.py:187 Status: 1 tests total, 0 passed, 1 failed, 0 skipped
2026-02-05 15:54:01 [    INFO] 
test_logger.py:188 - root: =========
====================================
====================================
===================
INFO     root:test_logger.py:188 ====================================================================================================
2026-02-05 15:54:01 [    INFO] 
test_logger.py:195 - root: 
INFO     root:test_logger.py:195 
2026-02-05 15:54:01 [    INFO] 
test_logger.py:196 - root: Test 
Statistics
INFO     root:test_logger.py:196 Test Statistics
2026-02-05 15:54:01 [    INFO] 
test_logger.py:197 - root: ---------
------------------------------------
------------------------------------
-------------------
INFO     root:test_logger.py:197 ----------------------------------------------------------------------------------------------------
2026-02-05 15:54:01 [    INFO] 
test_logger.py:201 - root: Test     
                                    
                Total    Pass     
Fail     Skip     Elapsed        
INFO     root:test_logger.py:201 Test                                                         Total    Pass     Fail     Skip     Elapsed        
2026-02-05 15:54:01 [    INFO] 
test_logger.py:202 - root: ---------
------------------------------------
------------------------------------
-------------------
INFO     root:test_logger.py:202 ----------------------------------------------------------------------------------------------------
2026-02-05 15:54:01 [    INFO] 
test_logger.py:213 - root: test_t2_1
2_verification_of_sending_email_to_c
ontacts_in_emp_contacts 1        0  
      1        0        
00:00:44.723   
INFO     root:test_logger.py:213 test_t2_12_verification_of_sending_email_to_contacts_in_emp_contacts 1        0        1        0        00:00:44.723   
2026-02-05 15:54:01 [    INFO] 
test_logger.py:219 - root: ---------
------------------------------------
------------------------------------
-------------------
INFO     root:test_logger.py:219 ----------------------------------------------------------------------------------------------------
2026-02-05 15:54:01 [    INFO] 
test_logger.py:220 - root: All 
Tests                               
                     1        0     
   1        0        00:00:44.723   
INFO     root:test_logger.py:220 All Tests                                                    1        0        1        0        00:00:44.723   
2026-02-05 15:54:01 [    INFO] 
test_logger.py:221 - root: ---------
------------------------------------
------------------------------------
-------------------
INFO     root:test_logger.py:221 ----------------------------------------------------------------------------------------------------
2026-02-05 15:54:01 [    INFO] 
BenchSale_Conftest.py:2379 - 
BenchSale_Conftest: 
INFO     BenchSale_Conftest:BenchSale_Conftest.py:2379 
2026-02-05 15:54:01 [    INFO] 
BenchSale_Conftest.py:2380 - 
BenchSale_Conftest: ================
====================================
============================
INFO     BenchSale_Conftest:BenchSale_Conftest.py:2380 ================================================================================
2026-02-05 15:54:01 [    INFO] 
BenchSale_Conftest.py:2381 - 
BenchSale_Conftest: TEST SESSION 
FINISHED
INFO     BenchSale_Conftest:BenchSale_Conftest.py:2381 TEST SESSION FINISHED
2026-02-05 15:54:01 [    INFO] 
BenchSale_Conftest.py:2382 - 
BenchSale_Conftest: Session end 
time: 2026-02-05 15:54:01
INFO     BenchSale_Conftest:BenchSale_Conftest.py:2382 Session end time: 2026-02-05 15:54:01
2026-02-05 15:54:01 [    INFO] 
BenchSale_Conftest.py:2383 - 
BenchSale_Conftest: Exit status: 1
INFO     BenchSale_Conftest:BenchSale_Conftest.py:2383 Exit status: 1
2026-02-05 15:54:01 [    INFO] 
BenchSale_Conftest.py:2386 - 
BenchSale_Conftest: Total tests 
executed: 1
INFO     BenchSale_Conftest:BenchSale_Conftest.py:2386 Total tests executed: 1
2026-02-05 15:54:01 [    INFO] 
BenchSale_Conftest.py:2399 - 
BenchSale_Conftest: ================
====================================
============================
INFO     BenchSale_Conftest:BenchSale_Conftest.py:2399 ================================================================================
2026-02-05 15:54:01 [    INFO] 
BenchSale_Conftest.py:2400 - 
BenchSale_Conftest: 
INFO     BenchSale_Conftest:BenchSale_Conftest.py:2400 
INFO     BenchSale_Conftest:BenchSale_Conftest.py:2428 Test summary written to: C:\Users\Nityainc\OneDrive - Nitya Software Solutions Inc\Desktop\Automation_testing_pytest\reports\test_summary.txt
2026-02-05 15:54:01 [    INFO] 
BenchSale_Conftest.py:2428 - 
BenchSale_Conftest: Test summary 
written to: 
C:\Users\Nityainc\OneDrive - Nitya 
Software Solutions Inc\Desktop\Autom
ation_testing_pytest\reports\test_su
mmary.txt
2026-02-05 15:54:01 [    INFO] 
BenchSale_Conftest.py:2448 - 
BenchSale_Conftest: HTML log viewer 
generated: 
C:\Users\Nityainc\OneDrive - Nitya 
Software Solutions Inc\Desktop\Autom
ation_testing_pytest\logs\employer.h
tml
INFO     BenchSale_Conftest:BenchSale_Conftest.py:2448 HTML log viewer generated: C:\Users\Nityainc\OneDrive - Nitya Software Solutions Inc\Desktop\Automation_testing_pytest\logs\employer.html
2026-02-05 15:54:01 [    INFO] 
BenchSale_Conftest.py:2455 - 
BenchSale_Conftest: Admin HTML log 
viewer generated: 
C:\Users\Nityainc\OneDrive - Nitya 
Software Solutions Inc\Desktop\Autom
ation_testing_pytest\logs\benchsale_
admin.html
INFO     BenchSale_Conftest:BenchSale_Conftest.py:2455 Admin HTML log viewer generated: C:\Users\Nityainc\OneDrive - Nitya Software Solutions Inc\Desktop\Automation_testing_pytest\logs\benchsale_admin.html
2026-02-05 15:54:01 [    INFO] 
BenchSale_Conftest.py:2462 - 
BenchSale_Conftest: Recruiter HTML 
log viewer generated: 
C:\Users\Nityainc\OneDrive - Nitya 
Software Solutions Inc\Desktop\Autom
ation_testing_pytest\logs\benchsale_
recruiter.html
INFO     BenchSale_Conftest:BenchSale_Conftest.py:2462 Recruiter HTML log viewer generated: C:\Users\Nityainc\OneDrive - Nitya Software Solutions Inc\Desktop\Automation_testing_pytest\logs\benchsale_recruiter.html
2026-02-05 15:54:01 [    INFO] 
BenchSale_Conftest.py:2467 - 
BenchSale_Conftest: Generating 
unified dashboard at session end...
INFO     BenchSale_Conftest:BenchSale_Conftest.py:2467 Generating unified dashboard at session end...
2026-02-05 15:56:01 [    INFO] 
BenchSale_Conftest.py:2471 - 
BenchSale_Conftest: \u2713 Unified 
dashboard generated successfully: 
C:\Users\Nityainc\OneDrive - Nitya 
Software Solutions Inc\Desktop\Autom
ation_testing_pytest\logs\index.html
Added 11 test entries from benchsale_admin history for today
Added 2 test entries from benchsale_recruiter history for today
Added 22 test entries from employer history for today
Added 10 test entries from jobseeker history for today
Dashboard written: C:\Users\Nityainc\OneDrive - Nitya Software Solutions Inc\Desktop\Automation_testing_pytest\logs\index.html (size: 217759 bytes)
2026-02-05 15:56:01 [    INFO] 
BenchSale_Conftest.py:2476 - 
BenchSale_Conftest: Dashboard 
update complete. UI will show 
latest status on next refresh.
INFO     BenchSale_Conftest:BenchSale_Conftest.py:2471 \u2713 Unified dashboard generated successfully: C:\\Users\\Nityainc\\OneDrive - Nitya Software Solutions Inc\\Desktop\\Automation_testing_pytest\\logs\\index.html\nINFO     BenchSale_Conftest:BenchSale_Conftest.py:2476 Dashboard update complete. UI will show latest status on next refresh.


================================== FAILURES ===================================
____ test_t2_12_verification_of_sending_email_to_contacts_in_emp_contacts _____
tests\employer\test_employer_test_cases.py:4971: in test_t2_12_verification_of_sending_email_to_contacts_in_emp_contacts
    job_title_elem.wait_for(state="visible", timeout=30000)
..\..\..\AppData\Roaming\Python\Python310\site-packages\playwright\sync_api\_generated.py:17843: in wait_for
    self._sync(self._impl_obj.wait_for(timeout=timeout, state=state))
..\..\..\AppData\Roaming\Python\Python310\site-packages\playwright\_impl\_locator.py:679: in wait_for
    await self._frame.wait_for_selector(
..\..\..\AppData\Roaming\Python\Python310\site-packages\playwright\_impl\_frame.py:323: in wait_for_selector
    await self._channel.send("waitForSelector", locals_to_params(locals()))
..\..\..\AppData\Roaming\Python\Python310\site-packages\playwright\_impl\_connection.py:61: in send
    return await self._connection.wrap_api_call(
..\..\..\AppData\Roaming\Python\Python310\site-packages\playwright\_impl\_connection.py:528: in wrap_api_call
    raise rewrite_error(error, f"{parsed_st['apiName']}: {error}") from None
E   playwright._impl._errors.Error: Locator.wait_for: Error: strict mode violation: locator("//*[@id='root']/div[2]/main/div[2]/div[1]/div/div/div/div/div[1]/p") resolved to 6 elements:
E       1) <p class="MuiTypography-root MuiTypography-body1 MuiTypography-paragraph css-1l4tofn">Resumes Viewed</p> aka get_by_text("Resumes Viewed")
E       2) <p class="MuiTypography-root MuiTypography-body1 MuiTypography-paragraph css-1l4tofn">Open Jobs</p> aka locator("p").filter(has_text="Open Jobs")
E       3) <p class="MuiTypography-root MuiTypography-body1 MuiTypography-paragraph css-1l4tofn">Applicants</p> aka get_by_text("Applicants")
E       4) <p class="MuiTypography-root MuiTypography-body1 MuiTypography-paragraph css-1sl3afh">Contacts</p> aka get_by_text("Contacts", exact=True)
E       5) <p class="MuiTypography-root MuiTypography-body1 MuiTypography-paragraph css-1l4tofn">Shortlisted</p> aka get_by_text("Shortlisted", exact=True)
E       6) <p class="MuiTypography-root MuiTypography-body1 MuiTypography-paragraph css-1l4tofn">Interviews</p> aka get_by_text("Interviews", exact=True)
E   
E   Call log:
E     - waiting for locator("//*[@id='root']/div[2]/main/div[2]/div[1]/div/div/div/div/div[1]/p") to be visible
----------------------------- Captured log setup ------------------------------
DEBUG    asyncio:proactor_events.py:630 Using proactor: IocpProactor
WARNING  BenchSale_Conftest:BenchSale_Conftest.py:468 Removing stale browser lock (age: 60.4s)
INFO     BenchSale_Conftest:BenchSale_Conftest.py:460 Acquired browser lock (PID: 19648)
INFO     BenchSale_Conftest:BenchSale_Conftest.py:526 Creating new browser instance (only one will be created across all processes)
INFO     root:test_logger.py:44 
INFO     root:test_logger.py:45 ====================================================================================================
INFO     root:test_logger.py:46 TEST test_t2_12_verification_of_sending_email_to_contacts_in_emp_contacts
INFO     root:test_logger.py:48 Full Name: test_t2_12_verification_of_sending_email_to_contacts_in_emp_contacts
INFO     root:test_logger.py:49 Source: C:\Users\Nityainc\OneDrive - Nitya Software Solutions Inc\Desktop\Automation_testing_pytest\tests\employer\test_employer_test_cases.py
INFO     root:test_logger.py:51 Start: 20260205 15:49:20.667
INFO     root:test_logger.py:52 ====================================================================================================
DEBUG    BenchSale_Conftest:Employer_Conftest.py:714 Creating employer1_page fixture for test: test_t2_12_verification_of_sending_email_to_contacts_in_emp_contacts
DEBUG    BenchSale_Conftest:Employer_Conftest.py:737 Cleared all cookies for fresh session (employer1)
DEBUG    BenchSale_Conftest:Employer_Conftest.py:745 Attempting to maximize employer1 browser window...
DEBUG    BenchSale_Conftest:Employer_Conftest.py:788 Navigating to EmpLogin for fresh employer login...
DEBUG    BenchSale_Conftest:Employer_Conftest.py:806 On EmpLogin page. Performing fresh login...
INFO     root:test_logger.py:103 00:00:10.253KEYWORD Login credentials for Employer1
INFO     BenchSale_Conftest:Employer_Conftest.py:224 Logged in to Employer1 successfully (Playwright)
------------------------------ Captured log call ------------------------------
INFO     BenchSale_Conftest:BenchSale_Conftest.py:653 ================================================================================
INFO     BenchSale_Conftest:BenchSale_Conftest.py:654 Started runtime measurement for: T2.12 Verification of sending email to Contacts in EMP-Contacts
INFO     BenchSale_Conftest:BenchSale_Conftest.py:655 Start time: 2026-02-05 15:49:39
INFO     BenchSale_Conftest:BenchSale_Conftest.py:656 ================================================================================
INFO     BenchSale_Conftest:BenchSale_Conftest.py:758 Checking network connectivity (timeout=5.0s). Targets: [['https://jobsnprofiles.com/', 'https://www.google.com'], 'https://bs.jobsnprofiles.com/', 'https://www.google.com']
WARNING  BenchSale_Conftest:BenchSale_Conftest.py:783 Network connectivity check failed for ['https://jobsnprofiles.com/', 'https://www.google.com']: No connection adapters were found for "['https://jobsnprofiles.com/', 'https://www.google.com']"
INFO     BenchSale_Conftest:BenchSale_Conftest.py:774 Network connectivity check: Connected (Target: https://bs.jobsnprofiles.com/, Status: 200)
DEBUG    BenchSale_Conftest:BenchSale_Conftest.py:775 Network check elapsed: 0.717s
INFO     root:test_logger.py:103 00:00:00.717KEYWORD Check Network Connectivity ['https://jobsnprofiles.com/', 'https://www.google.com'], https://bs.jobsnprofiles.com/, https://www.google.com
INFO     root:test_logger.py:103 00:00:02.025KEYWORD Job fair pop-up
---------------------------- Captured log teardown ----------------------------
INFO     BenchSale_Conftest:BenchSale_Conftest.py:552 Closing browser instance
--------------------------------- JSON report ---------------------------------
report saved to: reports/report.json
- Generated html report: file:///C:/Users/Nityainc/OneDrive%20-%20Nitya%20Software%20Solutions%20Inc/Desktop/Automation_testing_pytest/reports/report.html -
=========================== short test summary info ===========================
FAILED tests/employer/test_employer_test_cases.py::test_t2_12_verification_of_sending_email_to_contacts_in_emp_contacts
================ 1 failed, 21 deselected in 429.62s (0:07:09) =================
